// Jest Snapshot v1, https://goo.gl/fbAQLP

exports[`Pruebas en el entry component Debe hacer match con el snapshot 1`] = `
<div class="mb-3 entry-container pointer p-2">
  <!-- titulo -->
  <div class="entry-title d-flex"><span class="text-success fs-5 fw-bold">26</span><span class="mx-1 fs-5">Mayo</span><span class="mx-2 fw-light"> 2022, Jueves </span></div>
  <div class="entry-description">hola mundo mock</div>
</div>
`;
