// Jest Snapshot v1, https://goo.gl/fbAQLP

exports[`Pruebas en el componente EntryList Debe llamar al getEntriesByTerm sin termino y mostrar 2 entradas 1`] = `
<div class="entry-list-container">
  <div class="px-2 pt-2"><input type="text" class="form-control" placeholder="Buscar entradas"></div>
  <div class="mt-2 d-flex flex-column"><button class="btn btn-primary mx-3"><i class="fa fa-plus-circle mr-2"></i> Nueva entrada </button></div>
  <div class="entry-scroll-area">
    <entry-stub modelvalue="" entry="[object Object]"></entry-stub>
    <entry-stub modelvalue="" entry="[object Object]"></entry-stub>
  </div>
</div>
`;
